2025-09-16 16:00:46 [INFO]: 📝 insertMessageLog → WaId: 5493416777021, Tipo: text, Contenido: "Kckjcj"
2025-09-16 16:06:40 [INFO]: 📝 insertMessageLog → WaId: 5493416777021, Tipo: text, Contenido: "S, nobssdlbsld"
2025-09-16 16:06:41 [INFO]: 📤 insertReplyLog → WaId: 5493416777021, Reply: "Hola 👋 ¿Querés pedir un viaje? Podés decir 'hola' o enviarme tu dirección.", RelatedMsgId: null
2025-09-16 16:06:41 [INFO]: ✅ Reply registrado para 5493416777021
2025-09-16 16:07:48 [INFO]: 📝 insertMessageLog → WaId: 5493416777021, Tipo: text, Contenido: "Kckjcj"
2025-09-16 16:07:49 [INFO]: 📤 insertReplyLog → WaId: 5493416777021, Reply: "Hola 👋 ¿Querés pedir un viaje? Podés decir 'hola' o enviarme tu dirección.", RelatedMsgId: null
2025-09-16 16:07:50 [INFO]: ✅ Reply registrado para 5493416777021
2025-09-16 16:25:59 [ERROR]: ❌ Error procesando mensaje de 5493416777021: handleInboundMessage is not a function
2025-09-16 16:33:31 [ERROR]: ❌ Error procesando mensaje de 5493416777021: handleInboundMessage is not a function
2025-09-16 16:39:17 [INFO]: 📝 insertMessageLog → WaId: 5493416777021, Tipo: text, Contenido: "Ckckck"
2025-09-16 16:39:18 [INFO]: **************** ESTADO: " + [object Object]
2025-09-16 16:39:18 [ERROR]: ❌ Error procesando mensaje de 5493416777021: sendTextMessage is not defined
2025-09-16 16:44:07 [INFO]: 📝 insertMessageLog → WaId: 5493416777021, Tipo: text, Contenido: "Paaaahhhh"
2025-09-16 16:44:08 [INFO]: **************** ESTADO: " + IDLE
2025-09-16 16:44:08 [INFO]: 📤 insertReplyLog → WaId: 5493416777021, Reply: "Hola 👋 ¿Querés pedir un viaje? Podés decir 'hola' o enviarme tu dirección.", RelatedMsgId: wamid.HBgNNTQ5MzQxNjc3NzAyMRUCABIYIEFDRDUxMzZBRkVERDdGRTE5REQ4OEQzODhCQzBEMzMzAA==
2025-09-16 16:44:08 [ERROR]: ❌ insertReplyLog error → Validation failed for parameter 'RelatedMessageId'. Invalid number.
2025-09-16 16:44:08 [ERROR]: ❌ Error procesando mensaje de 5493416777021: Validation failed for parameter 'RelatedMessageId'. Invalid number.
2025-09-16 16:47:20 [INFO]: 📝 insertMessageLog → WaId: 5493416777021, Tipo: text, Contenido: "Hola"
2025-09-16 16:47:21 [INFO]: **************** ESTADO: " + IDLE
2025-09-16 16:47:21 [INFO]: 🔄 Estado 5493416777021: IDLE → AWAITING_NAME
2025-09-16 16:47:21 [INFO]: 📤 insertReplyLog → WaId: 5493416777021, Reply: "Hola 👋 ¿Cómo te llamás?", RelatedMsgId: wamid.HBgNNTQ5MzQxNjc3NzAyMRUCABIYIEFDQTdGNzk0MkYwMEIwOTcyNjIwQTg1QUI2OEI4NzRDAA==
2025-09-16 16:47:21 [INFO]: 🧾 insertReplyLog → RelatedMessageId: wamid.HBgNNTQ5MzQxNjc3NzAyMRUCABIYIEFDQTdGNzk0MkYwMEIwOTcyNjIwQTg1QUI2OEI4NzRDAA==
2025-09-16 16:47:22 [INFO]: ✅ Reply registrado para 5493416777021
2025-09-16 16:47:22 [INFO]: 📤 Respuesta enviada a 5493416777021: "Hola 👋 ¿Cómo te llamás?"
2025-09-16 16:48:26 [INFO]: 📝 insertMessageLog → WaId: 5493416777021, Tipo: text, Contenido: "GERARDO"
2025-09-16 16:48:27 [INFO]: **************** ESTADO: " + AWAITING_NAME
2025-09-16 16:48:27 [INFO]: 🧾 Nombre guardado para 5493416777021: GERARDO
2025-09-16 16:48:27 [INFO]: 🔄 Estado 5493416777021: AWAITING_NAME → AWAITING_ADDRESS
2025-09-16 16:48:28 [INFO]: 📤 insertReplyLog → WaId: 5493416777021, Reply: "Gracias, GERARDO. Decime la dirección: Calle Nº [comentario], o enviá tu ubicación.", RelatedMsgId: wamid.HBgNNTQ5MzQxNjc3NzAyMRUCABIYIEFDN0E3NTZENEUyNjE2MDUxN0EzNTFEODBGOTY2N0YzAA==
2025-09-16 16:48:28 [INFO]: 🧾 insertReplyLog → RelatedMessageId: wamid.HBgNNTQ5MzQxNjc3NzAyMRUCABIYIEFDN0E3NTZENEUyNjE2MDUxN0EzNTFEODBGOTY2N0YzAA==
2025-09-16 16:48:28 [INFO]: ✅ Reply registrado para 5493416777021
2025-09-16 16:48:28 [INFO]: 📤 Respuesta enviada a 5493416777021: "Gracias, GERARDO. Decime la dirección: Calle Nº [comentario], o enviá tu ubicación."
2025-09-16 17:00:46 [INFO]: 📝 insertMessageLog → WaId: 5493416777010, Tipo: text, Contenido: "Hola"
2025-09-16 17:00:46 [ERROR]: ❌ Error procesando mensaje de 5493416777010: Cannot read properties of undefined (reading 'EstadoConversacional')
2025-09-16 17:03:26 [INFO]: 📝 insertMessageLog → WaId: 5493416777021, Tipo: text, Contenido: "Proband"
2025-09-16 17:03:27 [INFO]: **************** ESTADO: " + AWAITING_ADDRESS
2025-09-16 17:03:27 [ERROR]: ❌ Error procesando mensaje de 5493416777021: poolPromise is not defined
2025-09-16 17:06:44 [INFO]: 📝 insertMessageLog → WaId: 5493416777021, Tipo: text, Contenido: "Holi"
2025-09-16 17:06:44 [INFO]: **************** ESTADO: " + AWAITING_ADDRESS
2025-09-16 17:06:44 [ERROR]: ❌ Error procesando mensaje de 5493416777021: poolPromise is not defined
2025-09-16 17:07:58 [INFO]: 📝 insertMessageLog → WaId: 5493416777021, Tipo: text, Contenido: "Holi"
2025-09-16 17:07:59 [INFO]: **************** ESTADO: " + AWAITING_ADDRESS
2025-09-16 17:07:59 [ERROR]: ❌ Error procesando mensaje de 5493416777021: sql is not defined
2025-09-16 17:11:26 [INFO]: 📝 insertMessageLog → WaId: 5493416777021, Tipo: text, Contenido: "Holip"
2025-09-16 17:11:27 [INFO]: **************** ESTADO: " + AWAITING_ADDRESS
2025-09-16 17:11:27 [INFO]: 🔍 Buscando direcciones frecuentes para 5493416777021
2025-09-16 17:11:27 [ERROR]: ❌ Error procesando mensaje de 5493416777021: Invalid column name 'comentario'.
2025-09-16 17:12:43 [INFO]: 📝 insertMessageLog → WaId: 5493416777021, Tipo: text, Contenido: "Vjcjvvj"
2025-09-16 17:12:43 [INFO]: **************** ESTADO: " + AWAITING_ADDRESS
2025-09-16 17:12:43 [INFO]: 🔍 Buscando direcciones frecuentes para 5493416777021
2025-09-16 17:12:43 [ERROR]: ❌ Error procesando mensaje de 5493416777021: Incorrect syntax near the keyword 'as'.
2025-09-16 17:16:08 [INFO]: 📝 insertMessageLog → WaId: 5493416777021, Tipo: text, Contenido: "Hola"
2025-09-16 17:16:08 [INFO]: **************** ESTADO: " + AWAITING_ADDRESS
2025-09-16 17:16:08 [INFO]: 🔍 Buscando direcciones frecuentes para 5493416777021
2025-09-16 17:16:08 [ERROR]: ❌ Error procesando mensaje de 5493416777021: Incorrect syntax near the keyword 'as'.
2025-09-16 17:17:49 [INFO]: 📝 insertMessageLog → WaId: 5493416777021, Tipo: text, Contenido: "Holi"
2025-09-16 17:17:49 [INFO]: **************** ESTADO: " + AWAITING_ADDRESS
2025-09-16 17:17:49 [INFO]: 🔍 Buscando direcciones frecuentes para 5493416777021
2025-09-16 17:17:49 [ERROR]: ❌ Error procesando mensaje de 5493416777021: Incorrect syntax near the keyword 'as'.
2025-09-16 17:21:18 [INFO]: 📝 insertMessageLog → WaId: 5493416777021, Tipo: text, Contenido: "Hola"
2025-09-16 17:21:18 [INFO]: **************** ESTADO: " + AWAITING_ADDRESS
2025-09-16 17:21:18 [INFO]: 🔍 Buscando direcciones frecuentes para 5493416777021
2025-09-16 17:21:18 [ERROR]: ❌ Error procesando mensaje de 5493416777021: Incorrect syntax near the keyword 'as'.
2025-09-16 17:35:18 [INFO]: 📝 insertMessageLog → WaId: 5493416777021, Tipo: text, Contenido: "Kkvk"
2025-09-16 17:35:19 [INFO]: **************** ESTADO: " + AWAITING_ADDRESS
2025-09-16 17:35:19 [INFO]: 🔍 Buscando direcciones frecuentes para 5493416777021
2025-09-16 17:35:19 [ERROR]: ❌ Error procesando mensaje de 5493416777021: Must declare the scalar variable "@localNumber".
2025-09-16 17:35:48 [INFO]: 📝 insertMessageLog → WaId: 5493416777021, Tipo: text, Contenido: "Vjcjcj"
2025-09-16 17:35:48 [INFO]: **************** ESTADO: " + AWAITING_ADDRESS
2025-09-16 17:35:48 [INFO]: 🔍 Buscando direcciones frecuentes para 5493416777021
2025-09-16 17:35:48 [ERROR]: ❌ Error procesando mensaje de 5493416777021: Must declare the scalar variable "@localNumber".
2025-09-16 17:42:26 [INFO]: 📝 insertMessageLog → WaId: 5493416777021, Tipo: text, Contenido: "Gras"
2025-09-16 17:42:26 [INFO]: **************** ESTADO: " + AWAITING_ADDRESS
2025-09-16 17:42:26 [ERROR]: ❌ Error procesando mensaje de 5493416777021: Cannot access 'frequentAddresses' before initialization
2025-09-16 17:47:07 [INFO]: 📝 insertMessageLog → WaId: 5493416777021, Tipo: text, Contenido: "Ckc"
2025-09-16 17:47:08 [INFO]: **************** ESTADO: " + AWAITING_ADDRESS
2025-09-16 17:47:08 [ERROR]: ❌ Error procesando mensaje de 5493416777021: Cannot access 'frequentAddresses' before initialization
2025-09-16 17:47:25 [INFO]: 📝 insertMessageLog → WaId: 5493416777021, Tipo: text, Contenido: "Sip"
2025-09-16 17:47:25 [INFO]: **************** ESTADO: " + AWAITING_ADDRESS
2025-09-16 17:47:26 [INFO]: 📤 insertReplyLog → WaId: 5493416777021, Reply: "No entendí tu respuesta. Elegí una opción del 1 al 4 o escribí tu dirección.", RelatedMsgId: wamid.HBgNNTQ5MzQxNjc3NzAyMRUCABIYIEFDNjYwNzQyQzUyNjA0QzI5MEIxRUY5QzQ0REIyMzY2AA==
2025-09-16 17:47:26 [INFO]: 🧾 insertReplyLog → RelatedMessageId: wamid.HBgNNTQ5MzQxNjc3NzAyMRUCABIYIEFDNjYwNzQyQzUyNjA0QzI5MEIxRUY5QzQ0REIyMzY2AA==
2025-09-16 17:47:27 [INFO]: ✅ Reply registrado para 5493416777021
2025-09-16 17:47:27 [INFO]: 📤 Respuesta enviada a 5493416777021: "No entendí tu respuesta. Elegí una opción del 1 al 4 o escribí tu dirección."
2025-09-16 17:51:21 [INFO]: 📝 insertMessageLog → WaId: 5493416777021, Tipo: text, Contenido: "Hola"
2025-09-16 17:51:21 [INFO]: **************** ESTADO: " + AWAITING_ADDRESS
2025-09-16 17:51:23 [INFO]: 📤 insertReplyLog → WaId: 5493416777021, Reply: "No entendí tu mensaje. ¿Podés repetirlo?", RelatedMsgId: wamid.HBgNNTQ5MzQxNjc3NzAyMRUCABIYIEFDOUFFRjE5REYzN0IxQkRCRDI5N0MwN0E3RUFFMTM1AA==
2025-09-16 17:51:23 [INFO]: 🧾 insertReplyLog → RelatedMessageId: wamid.HBgNNTQ5MzQxNjc3NzAyMRUCABIYIEFDOUFFRjE5REYzN0IxQkRCRDI5N0MwN0E3RUFFMTM1AA==
2025-09-16 17:51:23 [INFO]: ✅ Reply registrado para 5493416777021
2025-09-16 17:51:23 [INFO]: 📤 Respuesta enviada a 5493416777021: "No entendí tu mensaje. ¿Podés repetirlo?"
2025-09-16 17:52:34 [INFO]: 📝 insertMessageLog → WaId: 5493416777021, Tipo: text, Contenido: "Hola"
2025-09-16 17:52:35 [ERROR]: ❌ Error procesando mensaje de 5493416777021: Cannot read properties of undefined (reading 'EstadoConversacional')
2025-09-16 17:54:43 [INFO]: 📝 insertMessageLog → WaId: 5493416777021, Tipo: text, Contenido: "Igzaksxv"
2025-09-16 17:54:44 [ERROR]: ❌ Error procesando mensaje de 5493416777021: Cannot read properties of undefined (reading 'EstadoConversacional')
2025-09-16 17:55:41 [INFO]: 📝 insertMessageLog → WaId: 5493416777021, Tipo: text, Contenido: "Hola"
2025-09-16 17:55:42 [INFO]: 🆕 Nueva sesión para 5493416777021 → Estado: IDLE
2025-09-16 17:55:42 [INFO]: **************** ESTADO: IDLE
2025-09-16 17:55:42 [INFO]: 🔄 Estado 5493416777021: IDLE → AWAITING_NAME
2025-09-16 17:55:43 [INFO]: 📤 insertReplyLog → WaId: 5493416777021, Reply: "Hola 👋 ¿Cómo te llamás?", RelatedMsgId: wamid.HBgNNTQ5MzQxNjc3NzAyMRUCABIYIEFDMjZDQTRDRkE5MDMwRjIwMkNDNTY3QTQ1QTQ3QTI2AA==
2025-09-16 17:55:43 [INFO]: 🧾 insertReplyLog → RelatedMessageId: wamid.HBgNNTQ5MzQxNjc3NzAyMRUCABIYIEFDMjZDQTRDRkE5MDMwRjIwMkNDNTY3QTQ1QTQ3QTI2AA==
2025-09-16 17:55:43 [INFO]: ✅ Reply registrado para 5493416777021
2025-09-16 17:55:43 [INFO]: 📤 Respuesta enviada a 5493416777021: "Hola 👋 ¿Cómo te llamás?"
2025-09-16 17:56:02 [INFO]: 📝 insertMessageLog → WaId: 5493416777021, Tipo: text, Contenido: "GERARDO"
2025-09-16 17:56:02 [INFO]: **************** ESTADO: AWAITING_NAME
2025-09-16 17:56:03 [INFO]: 📤 insertReplyLog → WaId: 5493416777021, Reply: "Gracias, GERARDO. Estas son tus direcciones más usadas:

1. Mason 3371 

4. Otra dirección

Respondé con el número o escribí una nueva dirección.", RelatedMsgId: wamid.HBgNNTQ5MzQxNjc3NzAyMRUCABIYIEFDMENCODNDN0M4RUM0QzNGRUY4MTYxMjYwNEI0QkY4AA==
2025-09-16 17:56:03 [INFO]: 🧾 insertReplyLog → RelatedMessageId: wamid.HBgNNTQ5MzQxNjc3NzAyMRUCABIYIEFDMENCODNDN0M4RUM0QzNGRUY4MTYxMjYwNEI0QkY4AA==
2025-09-16 17:56:03 [INFO]: ✅ Reply registrado para 5493416777021
2025-09-16 17:56:03 [INFO]: 📤 Respuesta enviada a 5493416777021: "Gracias, GERARDO. Estas son tus direcciones más usadas:

1. Mason 3371 

4. Otra dirección

Respondé con el número o escribí una nueva dirección."
2025-09-16 17:56:27 [INFO]: 📝 insertMessageLog → WaId: 5493416777021, Tipo: text, Contenido: "1"
2025-09-16 17:56:27 [INFO]: **************** ESTADO: AWAITING_ADDRESS_SELECTION
2025-09-16 17:56:27 [ERROR]: ❌ Error procesando mensaje de 5493416777021: saveAddress is not defined
2025-09-16 17:58:29 [INFO]: 📝 insertMessageLog → WaId: 5493416777021, Tipo: text, Contenido: "1"
2025-09-16 17:58:29 [INFO]: **************** ESTADO: AWAITING_ADDRESS_SELECTION
2025-09-16 17:58:30 [ERROR]: ❌ Error procesando mensaje de 5493416777021: saveAddress is not defined
2025-09-16 18:11:03 [INFO]: 📝 insertMessageLog → WaId: 5493416777021, Tipo: text, Contenido: "Hola"
2025-09-16 18:11:04 [INFO]: **************** ESTADO: AWAITING_ADDRESS_SELECTION
2025-09-16 18:11:06 [INFO]: 📤 insertReplyLog → WaId: 5493416777021, Reply: "Escribí la dirección completa o enviá tu ubicación.", RelatedMsgId: wamid.HBgNNTQ5MzQxNjc3NzAyMRUCABIYIEFDRkRDQ0M3MkU1Q0E4MzhBMUVCNTNCRTY0QzY5RTYyAA==
2025-09-16 18:11:06 [INFO]: 🧾 insertReplyLog → RelatedMessageId: wamid.HBgNNTQ5MzQxNjc3NzAyMRUCABIYIEFDRkRDQ0M3MkU1Q0E4MzhBMUVCNTNCRTY0QzY5RTYyAA==
2025-09-16 18:11:06 [INFO]: ✅ Reply registrado para 5493416777021
2025-09-16 18:11:06 [INFO]: 📤 Respuesta enviada a 5493416777021: "Escribí la dirección completa o enviá tu ubicación."
2025-09-16 18:17:58 [INFO]: 📝 insertMessageLog → WaId: 5493416777021, Tipo: text, Contenido: "Hola, quiero pedir un taxi"
2025-09-16 18:17:59 [INFO]: 🆕 Nueva sesión para 5493416777021 → Estado: IDLE
2025-09-16 18:17:59 [INFO]: **************** ESTADO: IDLE
2025-09-16 18:17:59 [INFO]: 🔄 Estado 5493416777021: IDLE → AWAITING_NAME
2025-09-16 18:18:00 [INFO]: 📤 insertReplyLog → WaId: 5493416777021, Reply: "Hola 👋 ¿Cómo te llamás?", RelatedMsgId: wamid.HBgNNTQ5MzQxNjc3NzAyMRUCABIYIEFDRkQ5RDdCQjkyN0ZFNTJBQkFEQjg0QjNBMkNDRDYyAA==
2025-09-16 18:18:00 [INFO]: 🧾 insertReplyLog → RelatedMessageId: wamid.HBgNNTQ5MzQxNjc3NzAyMRUCABIYIEFDRkQ5RDdCQjkyN0ZFNTJBQkFEQjg0QjNBMkNDRDYyAA==
2025-09-16 18:18:00 [INFO]: ✅ Reply registrado para 5493416777021
2025-09-16 18:18:00 [INFO]: 📤 Respuesta enviada a 5493416777021: "Hola 👋 ¿Cómo te llamás?"
2025-09-16 18:18:08 [INFO]: 📝 insertMessageLog → WaId: 5493416777021, Tipo: text, Contenido: "GERARDO"
2025-09-16 18:18:08 [INFO]: **************** ESTADO: AWAITING_NAME
2025-09-16 18:18:08 [ERROR]: ❌ Error procesando mensaje de 5493416777021: updateSessionData is not defined
2025-09-16 18:21:02 [INFO]: 📝 insertMessageLog → WaId: 5493416777021, Tipo: text, Contenido: "Gerardo"
2025-09-16 18:21:02 [INFO]: **************** ESTADO: AWAITING_ADDRESS_SELECTION
2025-09-16 18:21:04 [INFO]: 📤 insertReplyLog → WaId: 5493416777021, Reply: "Escribí la dirección completa o enviá tu ubicación.", RelatedMsgId: wamid.HBgNNTQ5MzQxNjc3NzAyMRUCABIYIEFDMzcxNzQ2QjdEQzQ1NUMzMzY0OTY5NzdFMjhGNEVGAA==
2025-09-16 18:21:04 [INFO]: 🧾 insertReplyLog → RelatedMessageId: wamid.HBgNNTQ5MzQxNjc3NzAyMRUCABIYIEFDMzcxNzQ2QjdEQzQ1NUMzMzY0OTY5NzdFMjhGNEVGAA==
2025-09-16 18:21:04 [INFO]: ✅ Reply registrado para 5493416777021
2025-09-16 18:21:04 [INFO]: 📤 Respuesta enviada a 5493416777021: "Escribí la dirección completa o enviá tu ubicación."
2025-09-16 18:22:05 [INFO]: 📝 insertMessageLog → WaId: 5493416777021, Tipo: text, Contenido: "Hola"
2025-09-16 18:22:06 [INFO]: 🆕 Nueva sesión para 5493416777021 → Estado: IDLE
2025-09-16 18:22:06 [INFO]: **************** ESTADO: IDLE
2025-09-16 18:22:06 [INFO]: 🔄 Estado 5493416777021: IDLE → AWAITING_NAME
2025-09-16 18:22:06 [INFO]: 📤 insertReplyLog → WaId: 5493416777021, Reply: "Hola 👋 ¿Cómo te llamás?", RelatedMsgId: wamid.HBgNNTQ5MzQxNjc3NzAyMRUCABIYIEFDRkFGMzNBMUIxNjhFMDdBNDVENjY3QTRFNTk2N0Q0AA==
2025-09-16 18:22:06 [INFO]: 🧾 insertReplyLog → RelatedMessageId: wamid.HBgNNTQ5MzQxNjc3NzAyMRUCABIYIEFDRkFGMzNBMUIxNjhFMDdBNDVENjY3QTRFNTk2N0Q0AA==
2025-09-16 18:22:06 [INFO]: ✅ Reply registrado para 5493416777021
2025-09-16 18:22:06 [INFO]: 📤 Respuesta enviada a 5493416777021: "Hola 👋 ¿Cómo te llamás?"
2025-09-16 18:22:15 [INFO]: 📝 insertMessageLog → WaId: 5493416777021, Tipo: text, Contenido: "Gerardo"
2025-09-16 18:22:15 [INFO]: **************** ESTADO: AWAITING_NAME
2025-09-16 18:22:15 [ERROR]: ❌ Error procesando mensaje de 5493416777021: clientes is not defined
2025-09-16 18:30:53 [INFO]: 📝 insertMessageLog → WaId: 5493416777021, Tipo: text, Contenido: "Hola"
2025-09-16 18:30:53 [INFO]: **************** ESTADO: AWAITING_ADDRESS_SELECTION
2025-09-16 18:30:53 [WARN]: ⚠️ No hay direcciones en sesión para 5493416777021. Recalculando...
2025-09-16 18:30:54 [ERROR]: ❌ Error procesando mensaje de 5493416777021: Invalid column name 'Datos'.
2025-09-16 18:32:37 [INFO]: 📝 insertMessageLog → WaId: 5493416777021, Tipo: text, Contenido: "hola"
2025-09-16 18:32:37 [INFO]: **************** ESTADO: AWAITING_ADDRESS_SELECTION
2025-09-16 18:32:37 [WARN]: ⚠️ No hay direcciones en sesión para 5493416777021. Recalculando...
2025-09-16 18:32:39 [INFO]: 📤 insertReplyLog → WaId: 5493416777021, Reply: "No encontré tus direcciones anteriores. ¿Podés escribir la dirección o enviarme tu ubicación?", RelatedMsgId: wamid.HBgNNTQ5MzQxNjc3NzAyMRUCABIYFDNGQTc1QTU2OUJENkYyQzhEMzhGAA==
2025-09-16 18:32:39 [INFO]: 🧾 insertReplyLog → RelatedMessageId: wamid.HBgNNTQ5MzQxNjc3NzAyMRUCABIYFDNGQTc1QTU2OUJENkYyQzhEMzhGAA==
2025-09-16 18:32:39 [INFO]: ✅ Reply registrado para 5493416777021
2025-09-16 18:32:39 [INFO]: 📤 Respuesta enviada a 5493416777021: "No encontré tus direcciones anteriores. ¿Podés escribir la dirección o enviarme tu ubicación?"
2025-09-16 18:33:26 [INFO]: 📝 insertMessageLog → WaId: 5493416777021, Tipo: text, Contenido: "hola de nuevo"
2025-09-16 18:33:26 [INFO]: 🆕 Nueva sesión para 5493416777021 → Estado: IDLE
2025-09-16 18:33:26 [INFO]: **************** ESTADO: IDLE
2025-09-16 18:33:26 [INFO]: 🔄 Estado 5493416777021: IDLE → AWAITING_NAME
2025-09-16 18:33:27 [INFO]: 📤 insertReplyLog → WaId: 5493416777021, Reply: "Hola 👋 ¿Cómo te llamás?", RelatedMsgId: wamid.HBgNNTQ5MzQxNjc3NzAyMRUCABIYFDNGREM1MEI3RDMzRTFCQUQ2REExAA==
2025-09-16 18:33:27 [INFO]: 🧾 insertReplyLog → RelatedMessageId: wamid.HBgNNTQ5MzQxNjc3NzAyMRUCABIYFDNGREM1MEI3RDMzRTFCQUQ2REExAA==
2025-09-16 18:33:27 [INFO]: ✅ Reply registrado para 5493416777021
2025-09-16 18:33:27 [INFO]: 📤 Respuesta enviada a 5493416777021: "Hola 👋 ¿Cómo te llamás?"
2025-09-16 18:33:36 [INFO]: 📝 insertMessageLog → WaId: 5493416777021, Tipo: text, Contenido: "Gerardo"
2025-09-16 18:33:36 [INFO]: **************** ESTADO: AWAITING_NAME
2025-09-16 18:33:37 [INFO]: 📤 insertReplyLog → WaId: 5493416777021, Reply: "Gracias, Gerardo. Estas son tus direcciones más usadas:

1. Mason 3371 

4. Otra dirección

Respondé con el número o escribí una nueva dirección.", RelatedMsgId: wamid.HBgNNTQ5MzQxNjc3NzAyMRUCABIYFDNGQTQ1MDc3MjA4Q0E0NTE1QzMyAA==
2025-09-16 18:33:37 [INFO]: 🧾 insertReplyLog → RelatedMessageId: wamid.HBgNNTQ5MzQxNjc3NzAyMRUCABIYFDNGQTQ1MDc3MjA4Q0E0NTE1QzMyAA==
2025-09-16 18:33:37 [INFO]: ✅ Reply registrado para 5493416777021
2025-09-16 18:33:37 [INFO]: 📤 Respuesta enviada a 5493416777021: "Gracias, Gerardo. Estas son tus direcciones más usadas:

1. Mason 3371 

4. Otra dirección

Respondé con el número o escribí una nueva dirección."
2025-09-16 18:33:43 [INFO]: 📝 insertMessageLog → WaId: 5493416777021, Tipo: text, Contenido: "2"
2025-09-16 18:33:43 [INFO]: **************** ESTADO: AWAITING_ADDRESS_SELECTION
2025-09-16 18:33:43 [WARN]: ⚠️ No hay direcciones en sesión para 5493416777021. Recalculando...
2025-09-16 18:33:44 [INFO]: 📤 insertReplyLog → WaId: 5493416777021, Reply: "No encontré tus direcciones anteriores. ¿Podés escribir la dirección o enviarme tu ubicación?", RelatedMsgId: wamid.HBgNNTQ5MzQxNjc3NzAyMRUCABIYFDNGMEYyQTBEMjk1Q0IwQjYzQzAzAA==
2025-09-16 18:33:44 [INFO]: 🧾 insertReplyLog → RelatedMessageId: wamid.HBgNNTQ5MzQxNjc3NzAyMRUCABIYFDNGMEYyQTBEMjk1Q0IwQjYzQzAzAA==
2025-09-16 18:33:44 [INFO]: ✅ Reply registrado para 5493416777021
2025-09-16 18:33:44 [INFO]: 📤 Respuesta enviada a 5493416777021: "No encontré tus direcciones anteriores. ¿Podés escribir la dirección o enviarme tu ubicación?"
2025-09-16 18:33:55 [INFO]: 📝 insertMessageLog → WaId: 5493416777021, Tipo: text, Contenido: "1"
2025-09-16 18:33:55 [INFO]: **************** ESTADO: AWAITING_ADDRESS_INPUT
2025-09-16 18:33:55 [ERROR]: ❌ Error procesando mensaje de 5493416777021: normalizeAddress is not defined
2025-09-16 18:57:41 [ERROR]: ❌ Error procesando mensaje de 5493416777021: (msg.text || "").trim is not a function
2025-09-16 19:02:32 [ERROR]: ❌ Error procesando mensaje de 5493416777021: sendReply is not defined
2025-09-16 19:04:11 [ERROR]: Error enviando mensaje a 5493416777021: fetch is not a function
2025-09-16 19:04:11 [ERROR]: ❌ Error procesando mensaje de 5493416777021: fetch is not a function
2025-09-16 19:06:27 [ERROR]: Error enviando mensaje a 5493416777021: Failed to parse URL from undefined
2025-09-16 19:06:27 [ERROR]: ❌ Error procesando mensaje de 5493416777021: Failed to parse URL from undefined
