2025-09-12 09:10:43 [INFO]: 📩 Mensaje de 123456 en 123: "Hola"
2025-09-12 09:10:44 [INFO]: ✅ Respuesta enviada a 123456: "❌ No te hemos entendido. Podés enviar un mensaje con *calle, número y comentario*. Gracias 🙏"
2025-09-12 09:13:26 [INFO]: 🚀 Servidor escuchando en puerto 3000
2025-09-12 09:13:29 [INFO]: 📩 Mensaje de 123456 en 123: "Hola"
2025-09-12 09:13:30 [INFO]: ✅ Respuesta enviada a 123456: "✅ Hemos recibido un pedido para la siguiente dirección: Prueba 123"
2025-09-12 09:14:11 [INFO]: 🚀 Servidor escuchando en puerto 3000
2025-09-12 09:14:14 [INFO]: 📩 Mensaje de 123456 en 123: "Hola"
2025-09-12 09:14:14 [INFO]: ✅ Respuesta enviada a 123456: "✅ Hemos recibido un pedido para la siguiente dirección: Prueba 123"
2025-09-12 09:20:36 [INFO]: 📩 Mensaje de 123456 en 123: "Hola"
2025-09-12 09:20:36 [INFO]: ✅ Respuesta enviada a 123456: "✅ Hemos recibido un pedido para la siguiente dirección: Prueba 123"
2025-09-12 09:40:43 [INFO]: 🚀 Servidor escuchando en puerto 3000
2025-09-12 09:40:52 [INFO]: 🚀 Servidor escuchando en puerto 3000
2025-09-12 11:20:49 [INFO]: 🚀 Servidor escuchando en puerto 3000
2025-09-12 11:20:57 [INFO]: Webhook verificado correctamente
2025-09-12 11:27:31 [INFO]: 📩 Mensaje de 16315551181 en 123456123: "this is a text message"
2025-09-12 11:27:32 [INFO]: ✅ Respuesta enviada a 16315551181: "✅ Hemos recibido un pedido para la siguiente dirección: Prueba 123"
2025-09-12 13:30:46 [WARN]: Evento recibido sin 'messages': {"object":"whatsapp_business_account","entry":[{"id":"0","changes":[{"field":"messaging_handovers","value":{"messaging_product":"whatsapp","recipient":{"display_phone_number":"16505553333","phone_number_id":"123456789"},"sender":{"phone_number":"151005553333"},"timestamp":"1697041663","control_passed":{"metadata":"Information about the conversation"}}}]}]}
2025-09-12 14:00:33 [INFO]: Webhook verificado correctamente
2025-09-12 16:58:45 [INFO]: 📩 Mensaje de 16315551181 en 123456123: "this is a text message"
2025-09-12 16:58:46 [INFO]: ✅ Respuesta enviada a 16315551181: "✅ Hemos recibido un pedido para la siguiente dirección: Prueba 123"
2025-09-12 17:09:54 [INFO]: 🚀 Servidor escuchando en puerto 3000
2025-09-12 17:10:15 [INFO]: 📩 Mensaje de 16315551181 en 123456123: "this is a text message"
2025-09-12 17:10:16 [INFO]: ✅ Respuesta enviada a 16315551181: "✅ Hemos recibido un pedido para la siguiente dirección: Prueba 123"
2025-09-12 17:20:54 [WARN]: Evento recibido sin 'messages': {"object":"whatsapp_business_account","entry":[{"id":"1514112996544910","changes":[{"value":{"messaging_product":"whatsapp","metadata":{"display_phone_number":"5493416512017","phone_number_id":"775888798944971"},"statuses":[{"id":"wamid.HBgNNTQ5MzQxNjc3NzAyMRUCABEYEkFDMTU0NTg3NUQwRkJEQjVEMQA=","status":"sent","timestamp":"1757708454","recipient_id":"5493416777021","conversation":{"id":"419a60e3517bf242c4b6607bf63aabd4","expiration_timestamp":"1757708454","origin":{"type":"utility"}},"pricing":{"billable":false,"pricing_model":"PMP","category":"utility","type":"free_customer_service"}}]},"field":"messages"}]}]}
2025-09-12 17:20:54 [WARN]: Evento recibido sin 'messages': {"object":"whatsapp_business_account","entry":[{"id":"1514112996544910","changes":[{"value":{"messaging_product":"whatsapp","metadata":{"display_phone_number":"5493416512017","phone_number_id":"775888798944971"},"statuses":[{"id":"wamid.HBgNNTQ5MzQxNjc3NzAyMRUCABEYEkFDMTU0NTg3NUQwRkJEQjVEMQA=","status":"delivered","timestamp":"1757708455","recipient_id":"5493416777021","conversation":{"id":"419a60e3517bf242c4b6607bf63aabd4","origin":{"type":"utility"}},"pricing":{"billable":false,"pricing_model":"PMP","category":"utility","type":"free_customer_service"}}]},"field":"messages"}]}]}
2025-09-12 17:21:00 [WARN]: Evento recibido sin 'messages': {"object":"whatsapp_business_account","entry":[{"id":"1514112996544910","changes":[{"value":{"messaging_product":"whatsapp","metadata":{"display_phone_number":"5493416512017","phone_number_id":"775888798944971"},"statuses":[{"id":"wamid.HBgNNTQ5MzQxNjc3NzAyMRUCABEYEkFDMTU0NTg3NUQwRkJEQjVEMQA=","status":"read","timestamp":"1757708460","recipient_id":"5493416777021","conversation":{"id":"419a60e3517bf242c4b6607bf63aabd4","origin":{"type":"utility"}},"pricing":{"billable":false,"pricing_model":"PMP","category":"utility","type":"free_customer_service"}}]},"field":"messages"}]}]}
2025-09-12 17:35:17 [INFO]: 📩 Mensaje de 5493416777021 en 775888798944971: "Holaaas"
2025-09-12 17:35:17 [INFO]: ✅ Respuesta enviada a 5493416777021: "✅ Hemos recibido un pedido para la siguiente dirección: Prueba 123"
2025-09-12 17:35:18 [WARN]: Evento recibido sin 'messages': {"object":"whatsapp_business_account","entry":[{"id":"1514112996544910","changes":[{"value":{"messaging_product":"whatsapp","metadata":{"display_phone_number":"5493416512017","phone_number_id":"775888798944971"},"statuses":[{"id":"wamid.HBgNNTQ5MzQxNjc3NzAyMRUCABEYEjNDOUZGQ0VCNzA2REMxNkFGRAA=","status":"sent","timestamp":"1757709319","recipient_id":"5493416777021","conversation":{"id":"73655e04fe0047f0a4e24fe50f358010","expiration_timestamp":"1757709319","origin":{"type":"service"}},"pricing":{"billable":false,"pricing_model":"PMP","category":"service","type":"free_customer_service"}}]},"field":"messages"}]}]}
2025-09-12 17:35:19 [WARN]: Evento recibido sin 'messages': {"object":"whatsapp_business_account","entry":[{"id":"1514112996544910","changes":[{"value":{"messaging_product":"whatsapp","metadata":{"display_phone_number":"5493416512017","phone_number_id":"775888798944971"},"statuses":[{"id":"wamid.HBgNNTQ5MzQxNjc3NzAyMRUCABEYEjNDOUZGQ0VCNzA2REMxNkFGRAA=","status":"read","timestamp":"1757709320","recipient_id":"5493416777021","conversation":{"id":"73655e04fe0047f0a4e24fe50f358010","origin":{"type":"service"}},"pricing":{"billable":false,"pricing_model":"PMP","category":"service","type":"free_customer_service"}}]},"field":"messages"}]}]}
2025-09-12 17:35:19 [WARN]: Evento recibido sin 'messages': {"object":"whatsapp_business_account","entry":[{"id":"1514112996544910","changes":[{"value":{"messaging_product":"whatsapp","metadata":{"display_phone_number":"5493416512017","phone_number_id":"775888798944971"},"statuses":[{"id":"wamid.HBgNNTQ5MzQxNjc3NzAyMRUCABEYEjNDOUZGQ0VCNzA2REMxNkFGRAA=","status":"delivered","timestamp":"1757709320","recipient_id":"5493416777021","conversation":{"id":"73655e04fe0047f0a4e24fe50f358010","origin":{"type":"service"}},"pricing":{"billable":false,"pricing_model":"PMP","category":"service","type":"free_customer_service"}}]},"field":"messages"}]}]}
2025-09-12 17:36:28 [INFO]: 🚀 Servidor escuchando en puerto 3000
2025-09-12 17:36:47 [INFO]: 📩 Mensaje de 5493416777021 en 775888798944971: "Este es un mensaje de ñrueba"
2025-09-12 17:36:48 [INFO]: ✅ Respuesta enviada a 5493416777021: "✅ Hemos recibido un pedido para la siguiente dirección: Prueba 123"
2025-09-12 17:36:49 [WARN]: Evento recibido sin 'messages': {"object":"whatsapp_business_account","entry":[{"id":"1514112996544910","changes":[{"value":{"messaging_product":"whatsapp","metadata":{"display_phone_number":"5493416512017","phone_number_id":"775888798944971"},"statuses":[{"id":"wamid.HBgNNTQ5MzQxNjc3NzAyMRUCABEYEjFENzk3RjEwNjlCRjU1MjU2NgA=","status":"sent","timestamp":"1757709410","recipient_id":"5493416777021","conversation":{"id":"e21af6b912e5a3207b37003bb5c73441","expiration_timestamp":"1757709410","origin":{"type":"service"}},"pricing":{"billable":false,"pricing_model":"PMP","category":"service","type":"free_customer_service"}}]},"field":"messages"}]}]}
2025-09-12 17:36:50 [WARN]: Evento recibido sin 'messages': {"object":"whatsapp_business_account","entry":[{"id":"1514112996544910","changes":[{"value":{"messaging_product":"whatsapp","metadata":{"display_phone_number":"5493416512017","phone_number_id":"775888798944971"},"statuses":[{"id":"wamid.HBgNNTQ5MzQxNjc3NzAyMRUCABEYEjFENzk3RjEwNjlCRjU1MjU2NgA=","status":"read","timestamp":"1757709410","recipient_id":"5493416777021","conversation":{"id":"e21af6b912e5a3207b37003bb5c73441","origin":{"type":"service"}},"pricing":{"billable":false,"pricing_model":"PMP","category":"service","type":"free_customer_service"}}]},"field":"messages"}]}]}
2025-09-12 17:38:51 [INFO]: 📩 Mensaje de 5493416777021 en 775888798944971: ""
2025-09-12 17:38:52 [INFO]: ✅ Respuesta enviada a 5493416777021: "✅ Hemos recibido un pedido para la siguiente dirección: Prueba 123"
2025-09-12 17:38:53 [WARN]: Evento recibido sin 'messages': {"object":"whatsapp_business_account","entry":[{"id":"1514112996544910","changes":[{"value":{"messaging_product":"whatsapp","metadata":{"display_phone_number":"5493416512017","phone_number_id":"775888798944971"},"statuses":[{"id":"wamid.HBgNNTQ5MzQxNjc3NzAyMRUCABEYEjgzQTQ2NkI0RDNCNDNFMEUzQgA=","status":"sent","timestamp":"1757709534","recipient_id":"5493416777021","conversation":{"id":"47613d66b794365b9b4e513d3592e22b","expiration_timestamp":"1757709534","origin":{"type":"service"}},"pricing":{"billable":false,"pricing_model":"PMP","category":"service","type":"free_customer_service"}}]},"field":"messages"}]}]}
2025-09-12 17:38:54 [WARN]: Evento recibido sin 'messages': {"object":"whatsapp_business_account","entry":[{"id":"1514112996544910","changes":[{"value":{"messaging_product":"whatsapp","metadata":{"display_phone_number":"5493416512017","phone_number_id":"775888798944971"},"statuses":[{"id":"wamid.HBgNNTQ5MzQxNjc3NzAyMRUCABEYEjgzQTQ2NkI0RDNCNDNFMEUzQgA=","status":"delivered","timestamp":"1757709534","recipient_id":"5493416777021","conversation":{"id":"47613d66b794365b9b4e513d3592e22b","origin":{"type":"service"}},"pricing":{"billable":false,"pricing_model":"PMP","category":"service","type":"free_customer_service"}}]},"field":"messages"}]}]}
2025-09-12 17:38:55 [WARN]: Evento recibido sin 'messages': {"object":"whatsapp_business_account","entry":[{"id":"1514112996544910","changes":[{"value":{"messaging_product":"whatsapp","metadata":{"display_phone_number":"5493416512017","phone_number_id":"775888798944971"},"statuses":[{"id":"wamid.HBgNNTQ5MzQxNjc3NzAyMRUCABEYEjgzQTQ2NkI0RDNCNDNFMEUzQgA=","status":"read","timestamp":"1757709535","recipient_id":"5493416777021","conversation":{"id":"47613d66b794365b9b4e513d3592e22b","origin":{"type":"service"}},"pricing":{"billable":false,"pricing_model":"PMP","category":"service","type":"free_customer_service"}}]},"field":"messages"}]}]}
2025-09-12 17:48:44 [INFO]: 🚀 Servidor escuchando en puerto 3000
2025-09-12 17:49:01 [INFO]: 📩 Mensaje de 5493416777021 en 775888798944971: ""
2025-09-12 17:49:02 [INFO]: ✅ Respuesta enviada a 5493416777021: "✅ Hemos recibido un pedido para la siguiente dirección: Prueba 123"
2025-09-12 17:49:03 [WARN]: Evento recibido sin 'messages': {"object":"whatsapp_business_account","entry":[{"id":"1514112996544910","changes":[{"value":{"messaging_product":"whatsapp","metadata":{"display_phone_number":"5493416512017","phone_number_id":"775888798944971"},"statuses":[{"id":"wamid.HBgNNTQ5MzQxNjc3NzAyMRUCABEYEkExNUFBQTU2Q0Q4OTk0NTU1OAA=","status":"sent","timestamp":"1757710144","recipient_id":"5493416777021","conversation":{"id":"c92d7578977bcde0d7768557ff9296e1","expiration_timestamp":"1757710144","origin":{"type":"service"}},"pricing":{"billable":false,"pricing_model":"PMP","category":"service","type":"free_customer_service"}}]},"field":"messages"}]}]}
2025-09-12 17:49:04 [WARN]: Evento recibido sin 'messages': {"object":"whatsapp_business_account","entry":[{"id":"1514112996544910","changes":[{"value":{"messaging_product":"whatsapp","metadata":{"display_phone_number":"5493416512017","phone_number_id":"775888798944971"},"statuses":[{"id":"wamid.HBgNNTQ5MzQxNjc3NzAyMRUCABEYEkExNUFBQTU2Q0Q4OTk0NTU1OAA=","status":"delivered","timestamp":"1757710144","recipient_id":"5493416777021","conversation":{"id":"c92d7578977bcde0d7768557ff9296e1","origin":{"type":"service"}},"pricing":{"billable":false,"pricing_model":"PMP","category":"service","type":"free_customer_service"}}]},"field":"messages"}]}]}
2025-09-12 17:49:04 [WARN]: Evento recibido sin 'messages': {"object":"whatsapp_business_account","entry":[{"id":"1514112996544910","changes":[{"value":{"messaging_product":"whatsapp","metadata":{"display_phone_number":"5493416512017","phone_number_id":"775888798944971"},"statuses":[{"id":"wamid.HBgNNTQ5MzQxNjc3NzAyMRUCABEYEkExNUFBQTU2Q0Q4OTk0NTU1OAA=","status":"read","timestamp":"1757710144","recipient_id":"5493416777021","conversation":{"id":"c92d7578977bcde0d7768557ff9296e1","origin":{"type":"service"}},"pricing":{"billable":false,"pricing_model":"PMP","category":"service","type":"free_customer_service"}}]},"field":"messages"}]}]}
2025-09-12 17:49:43 [INFO]: 📩 Mensaje de 5493416777021 en 775888798944971: "Hola"
2025-09-12 17:49:44 [INFO]: ✅ Respuesta enviada a 5493416777021: "✅ Hemos recibido un pedido para la siguiente dirección: Prueba 123"
2025-09-12 17:49:45 [WARN]: Evento recibido sin 'messages': {"object":"whatsapp_business_account","entry":[{"id":"1514112996544910","changes":[{"value":{"messaging_product":"whatsapp","metadata":{"display_phone_number":"5493416512017","phone_number_id":"775888798944971"},"statuses":[{"id":"wamid.HBgNNTQ5MzQxNjc3NzAyMRUCABEYEkI4QkNFMTg2NzczMDUwNzZGNAA=","status":"sent","timestamp":"1757710186","recipient_id":"5493416777021","conversation":{"id":"8ba40f56b585c4ec2c283cb3a5801d63","expiration_timestamp":"1757710186","origin":{"type":"service"}},"pricing":{"billable":false,"pricing_model":"PMP","category":"service","type":"free_customer_service"}}]},"field":"messages"}]}]}
2025-09-12 17:49:45 [WARN]: Evento recibido sin 'messages': {"object":"whatsapp_business_account","entry":[{"id":"1514112996544910","changes":[{"value":{"messaging_product":"whatsapp","metadata":{"display_phone_number":"5493416512017","phone_number_id":"775888798944971"},"statuses":[{"id":"wamid.HBgNNTQ5MzQxNjc3NzAyMRUCABEYEkI4QkNFMTg2NzczMDUwNzZGNAA=","status":"read","timestamp":"1757710186","recipient_id":"5493416777021","conversation":{"id":"8ba40f56b585c4ec2c283cb3a5801d63","origin":{"type":"service"}},"pricing":{"billable":false,"pricing_model":"PMP","category":"service","type":"free_customer_service"}}]},"field":"messages"}]}]}
2025-09-12 17:49:46 [WARN]: Evento recibido sin 'messages': {"object":"whatsapp_business_account","entry":[{"id":"1514112996544910","changes":[{"value":{"messaging_product":"whatsapp","metadata":{"display_phone_number":"5493416512017","phone_number_id":"775888798944971"},"statuses":[{"id":"wamid.HBgNNTQ5MzQxNjc3NzAyMRUCABEYEkI4QkNFMTg2NzczMDUwNzZGNAA=","status":"delivered","timestamp":"1757710186","recipient_id":"5493416777021","conversation":{"id":"8ba40f56b585c4ec2c283cb3a5801d63","origin":{"type":"service"}},"pricing":{"billable":false,"pricing_model":"PMP","category":"service","type":"free_customer_service"}}]},"field":"messages"}]}]}
2025-09-12 17:53:45 [INFO]: 📩 Mensaje de 5493416277788 en 775888798944971: "Hola mundo"
2025-09-12 17:53:46 [INFO]: ✅ Respuesta enviada a 5493416277788: "✅ Hemos recibido un pedido para la siguiente dirección: Prueba 123"
2025-09-12 17:53:48 [WARN]: Evento recibido sin 'messages': {"object":"whatsapp_business_account","entry":[{"id":"1514112996544910","changes":[{"value":{"messaging_product":"whatsapp","metadata":{"display_phone_number":"5493416512017","phone_number_id":"775888798944971"},"statuses":[{"id":"wamid.HBgNNTQ5MzQxNjI3Nzc4OBUCABEYEkM5OUM4N0E1QkVEQTZCNTg5RgA=","status":"sent","timestamp":"1757710429","recipient_id":"5493416277788","conversation":{"id":"54db2ce43ca5d5d414090f9cdbf5a79a","expiration_timestamp":"1757710429","origin":{"type":"service"}},"pricing":{"billable":false,"pricing_model":"PMP","category":"service","type":"free_customer_service"}}]},"field":"messages"}]}]}
2025-09-12 17:53:48 [WARN]: Evento recibido sin 'messages': {"object":"whatsapp_business_account","entry":[{"id":"1514112996544910","changes":[{"value":{"messaging_product":"whatsapp","metadata":{"display_phone_number":"5493416512017","phone_number_id":"775888798944971"},"statuses":[{"id":"wamid.HBgNNTQ5MzQxNjI3Nzc4OBUCABEYEkM5OUM4N0E1QkVEQTZCNTg5RgA=","status":"delivered","timestamp":"1757710429","recipient_id":"5493416277788","conversation":{"id":"54db2ce43ca5d5d414090f9cdbf5a79a","origin":{"type":"service"}},"pricing":{"billable":false,"pricing_model":"PMP","category":"service","type":"free_customer_service"}}]},"field":"messages"}]}]}
2025-09-12 17:53:50 [WARN]: Evento recibido sin 'messages': {"object":"whatsapp_business_account","entry":[{"id":"1514112996544910","changes":[{"value":{"messaging_product":"whatsapp","metadata":{"display_phone_number":"5493416512017","phone_number_id":"775888798944971"},"statuses":[{"id":"wamid.HBgNNTQ5MzQxNjI3Nzc4OBUCABEYEkM5OUM4N0E1QkVEQTZCNTg5RgA=","status":"read","timestamp":"1757710431","recipient_id":"5493416277788","conversation":{"id":"54db2ce43ca5d5d414090f9cdbf5a79a","origin":{"type":"service"}},"pricing":{"billable":false,"pricing_model":"PMP","category":"service","type":"free_customer_service"}}]},"field":"messages"}]}]}
2025-09-12 17:58:46 [INFO]: 🚀 Servidor escuchando en puerto 3000
2025-09-12 17:58:55 [INFO]: 🚀 Servidor escuchando en puerto 3000
