2025-09-19 12:19:58 [INFO]: ENV CHECK: WHATSAPP_API_URL=[set] WHATSAPP_TOKEN=[set]
2025-09-19 12:20:26 [ERROR]: ❌ Error procesando mensaje de 5493416777021: logger is not defined
2025-09-19 12:21:29 [INFO]: ENV CHECK: WHATSAPP_API_URL=[set] WHATSAPP_TOKEN=[set]
2025-09-19 12:21:37 [INFO]: ******************** updateSessionState start waId=5493416777021 estado=AWAITING_NAME
2025-09-19 12:21:37 [INFO]: ++++++++++++++++++updateSessionState done waId=5493416777021
2025-09-19 12:21:39 [INFO]: Mensaje enviado a 5493416777021 id:wamid.HBgNNTQ5MzQxNjc3NzAyMRUCABEYEjE5M0VDNDlFREE2NzQzMTFCRQA=
2025-09-19 12:21:39 [ERROR]: sendReply failed for 5493416777021: 400 {"error":{"message":"(#100) The parameter text['body'] is required.","type":"OAuthException","code":100,"fbtrace_id":"ADjLlSxjLi_MphSBYmRhEG1"}}
2025-09-19 12:21:39 [ERROR]: Error enviando mensaje a 5493416777021: WhatsApp API error
2025-09-19 12:21:39 [ERROR]: ❌ Error procesando mensaje de 5493416777021: WhatsApp API error
2025-09-19 12:21:55 [ERROR]: ❌ Error procesando mensaje de 5493416777021: saveName is not defined
2025-09-19 12:29:03 [INFO]: ENV CHECK: WHATSAPP_API_URL=[set] WHATSAPP_TOKEN=[set]
2025-09-19 12:29:09 [INFO]: ******************** updateSessionState start waId=5493416777021 estado=AWAITING_NAME
2025-09-19 12:29:09 [INFO]: ++++++++++++++++++updateSessionState done waId=5493416777021
2025-09-19 12:29:10 [INFO]: Mensaje enviado a 5493416777021 id:wamid.HBgNNTQ5MzQxNjc3NzAyMRUCABEYEkJFNEI4RDU0MDgyMzU5QUVFRQA=
2025-09-19 12:29:17 [ERROR]: ❌ Error procesando mensaje de 5493416777021: saveName is not defined
2025-09-19 12:29:37 [INFO]: ENV CHECK: WHATSAPP_API_URL=[set] WHATSAPP_TOKEN=[set]
2025-09-19 12:29:46 [INFO]: ******************** updateSessionState start waId=5493416777021 estado=AWAITING_ADDRESS_SELECTION
2025-09-19 12:29:46 [INFO]: ++++++++++++++++++updateSessionState done waId=5493416777021
2025-09-19 12:29:47 [INFO]: Mensaje enviado a 5493416777021 id:wamid.HBgNNTQ5MzQxNjc3NzAyMRUCABEYEkRBRTBDMjAyNzk5MTk0OEM4QgA=
2025-09-19 12:29:47 [INFO]: Mensaje enviado a 5493416777021 id:wamid.HBgNNTQ5MzQxNjc3NzAyMRUCABEYEkU2MDJBN0UyQzU2OUM4QkU5QgA=
2025-09-19 12:30:31 [INFO]: ******************** updateSessionState start waId=5493416777021 estado=AWAITING_NAME
2025-09-19 12:30:31 [INFO]: ++++++++++++++++++updateSessionState done waId=5493416777021
2025-09-19 12:30:32 [INFO]: Mensaje enviado a 5493416777021 id:wamid.HBgNNTQ5MzQxNjc3NzAyMRUCABEYEjE1QjRFRUUyMDUwOTQwMTY2NgA=
2025-09-19 12:30:39 [INFO]: ******************** updateSessionState start waId=5493416777021 estado=AWAITING_ADDRESS_SELECTION
2025-09-19 12:30:39 [INFO]: ++++++++++++++++++updateSessionState done waId=5493416777021
2025-09-19 12:30:40 [INFO]: Mensaje enviado a 5493416777021 id:wamid.HBgNNTQ5MzQxNjc3NzAyMRUCABEYEkYxNjBBMjQyNUY3NTE1RTk5MQA=
2025-09-19 12:30:41 [INFO]: Mensaje enviado a 5493416777021 id:wamid.HBgNNTQ5MzQxNjc3NzAyMRUCABEYEjc4NzdEQUE4RTc4MDcyNTE4MwA=
2025-09-19 12:39:07 [INFO]: ENV CHECK: WHATSAPP_API_URL=[set] WHATSAPP_TOKEN=[set]
2025-09-19 12:39:20 [ERROR]: ❌ Error procesando mensaje de 5493416777021: hasProcessedMessage is not defined
2025-09-19 12:50:01 [INFO]: ENV CHECK: WHATSAPP_API_URL=[set] WHATSAPP_TOKEN=[set]
2025-09-19 12:50:12 [ERROR]: ❌ Error procesando mensaje de 5493416777021: markSessionMessage is not defined
2025-09-19 12:51:21 [INFO]: ENV CHECK: WHATSAPP_API_URL=[set] WHATSAPP_TOKEN=[set]
2025-09-19 12:51:35 [ERROR]: ❌ Error procesando mensaje de 5493416777021: markSessionMessage is not defined
2025-09-19 12:52:08 [INFO]: ENV CHECK: WHATSAPP_API_URL=[set] WHATSAPP_TOKEN=[set]
2025-09-19 12:52:14 [ERROR]: ❌ Error procesando mensaje de 5493416777021: markSessionMessage is not defined
2025-09-19 12:52:26 [INFO]: ENV CHECK: WHATSAPP_API_URL=[set] WHATSAPP_TOKEN=[set]
2025-09-19 12:52:30 [ERROR]: ❌ Error procesando mensaje de 5493416777021: markSessionMessage is not defined
2025-09-19 12:54:40 [INFO]: ENV CHECK: WHATSAPP_API_URL=[set] WHATSAPP_TOKEN=[set]
2025-09-19 12:55:33 [INFO]: ENV CHECK: WHATSAPP_API_URL=[set] WHATSAPP_TOKEN=[set]
2025-09-19 12:55:40 [INFO]: markSessionMessage: marked message wamid.HBgNNTQ5MzQxNjc3NzAyMRUCABIYIEFDMDdGQTA5QjE1MENCRDlCODUxOTFGNDJCQTRENjJFAA== for 5493416777021
2025-09-19 12:55:40 [ERROR]: ❌ Error procesando mensaje de 5493416777021: markMessageProcessing is not defined
2025-09-19 12:57:04 [INFO]: ENV CHECK: WHATSAPP_API_URL=[set] WHATSAPP_TOKEN=[set]
2025-09-19 12:57:08 [ERROR]: ❌ Error procesando mensaje de 5493416777021: markSessionMessage is not defined
2025-09-19 12:57:31 [ERROR]: ❌ Error procesando mensaje de 5493416777021: markSessionMessage is not defined
2025-09-19 13:00:23 [INFO]: ENV CHECK: WHATSAPP_API_URL=[set] WHATSAPP_TOKEN=[set]
2025-09-19 13:00:46 [INFO]: ENV CHECK: WHATSAPP_API_URL=[set] WHATSAPP_TOKEN=[set]
2025-09-19 13:00:48 [INFO]: markSessionMessage: marked message wamid.HBgNNTQ5MzQxNjc3NzAyMRUCABIYIEFDNzE2QjdDN0JFNzc2RUM4QzAzOTFFM0ZFNjJGRTM0AA== for 5493416777021
2025-09-19 13:00:48 [ERROR]: ❌ Error procesando mensaje de 5493416777021: markMessageProcessing is not defined
2025-09-19 13:03:34 [INFO]: ENV CHECK: WHATSAPP_API_URL=[set] WHATSAPP_TOKEN=[set]
2025-09-19 13:03:46 [INFO]: ENV CHECK: WHATSAPP_API_URL=[set] WHATSAPP_TOKEN=[set]
2025-09-19 13:09:53 [INFO]: ENV CHECK: WHATSAPP_API_URL=[set] WHATSAPP_TOKEN=[set]
2025-09-19 13:10:04 [INFO]: markSessionMessage: marked message wamid.HBgNNTQ5MzQxNjc3NzAyMRUCABIYIEFDMUFCN0I4OUYyNjUxNjlBQzg4Nzk1MDRCNkFERDU1AA== for 5493416777021
2025-09-19 13:10:04 [ERROR]: markMessageProcessing error for wamid.HBgNNTQ5MzQxNjc3NzAyMRUCABIYIEFDMUFCN0I4OUYyNjUxNjlBQzg4Nzk1MDRCNkFERDU1AA==: Invalid object name 'WA_ProcessedMessages'.
2025-09-19 13:10:04 [ERROR]: ❌ Error procesando mensaje de 5493416777021: Invalid object name 'WA_ProcessedMessages'.
2025-09-19 13:11:04 [INFO]: markSessionMessage: marked message wamid.HBgNNTQ5MzQxNjc3NzAyMRUCABIYIEFDRDlCMUVCODI3N0ZBNzY4QkQxNEE1QTY2NUI1MTA0AA== for 5493416777021
2025-09-19 13:11:04 [ERROR]: markMessageProcessing error for wamid.HBgNNTQ5MzQxNjc3NzAyMRUCABIYIEFDRDlCMUVCODI3N0ZBNzY4QkQxNEE1QTY2NUI1MTA0AA==: Invalid object name 'WA_ProcessedMessages'.
2025-09-19 13:11:04 [ERROR]: ❌ Error procesando mensaje de 5493416777021: Invalid object name 'WA_ProcessedMessages'.
2025-09-19 13:16:44 [INFO]: ENV CHECK: WHATSAPP_API_URL=[set] WHATSAPP_TOKEN=[set]
2025-09-19 13:18:34 [INFO]: ENV CHECK: WHATSAPP_API_URL=[set] WHATSAPP_TOKEN=[set]
2025-09-19 13:18:43 [ERROR]: ensureSessionRow error for 5493416777021: Invalid column name 'Datos'.
2025-09-19 13:18:43 [ERROR]: ❌ Error procesando mensaje de 5493416777021: Invalid column name 'Datos'.
2025-09-19 13:20:07 [INFO]: ENV CHECK: WHATSAPP_API_URL=[set] WHATSAPP_TOKEN=[set]
2025-09-19 13:20:34 [INFO]: markMessageProcessing: marked message wamid.HBgNNTQ5MzQxNjc3NzAyMRUCABIYIEFDNkIyMkUxMTlEQzcyNDczODNBMDE2MDI0MjBFNjREAA== for 5493416777021
2025-09-19 13:20:35 [INFO]: markMessageProcessing: duplicate for 5493416777021 message wamid.HBgNNTQ5MzQxNjc3NzAyMRUCABIYIEFDNkIyMkUxMTlEQzcyNDczODNBMDE2MDI0MjBFNjREAA==
2025-09-19 13:20:35 [WARN]: ⚠️ No hay direcciones en sesión para 5493416777021. Recalculando...
2025-09-19 13:20:35 [INFO]: ******************** updateSessionState start waId=5493416777021 estado=AWAITING_ADDRESS_INPUT
2025-09-19 13:20:35 [INFO]: ++++++++++++++++++updateSessionState done waId=5493416777021
2025-09-19 13:20:36 [INFO]: Mensaje enviado a 5493416777021 id:wamid.HBgNNTQ5MzQxNjc3NzAyMRUCABEYEjE4M0NBNTQwNzczMzUzNkNDMgA=
2025-09-19 13:25:20 [INFO]: markMessageProcessing: marked message wamid.HBgNNTQ5MzQxNjc3NzAyMRUCABIYIEFDQ0YzM0I2RTI2OTA4REIzQkU1NDNBOEE5OEZEQURFAA== for 5493416777021
2025-09-19 13:25:21 [INFO]: markMessageProcessing: duplicate for 5493416777021 message wamid.HBgNNTQ5MzQxNjc3NzAyMRUCABIYIEFDQ0YzM0I2RTI2OTA4REIzQkU1NDNBOEE5OEZEQURFAA==
2025-09-19 13:25:21 [INFO]: ******************** updateSessionState start waId=5493416777021 estado=AWAITING_NAME
2025-09-19 13:25:22 [INFO]: ++++++++++++++++++updateSessionState done waId=5493416777021
2025-09-19 13:25:23 [INFO]: Mensaje enviado a 5493416777021 id:wamid.HBgNNTQ5MzQxNjc3NzAyMRUCABEYEjA3QTAxMkVBMjdGOTU5ODM3MwA=
2025-09-19 13:25:25 [ERROR]: sendReply failed for 5493416777021: 400 {"error":{"message":"(#100) The parameter text['body'] is required.","type":"OAuthException","code":100,"fbtrace_id":"AJm7pkM58MQsypH-zd_YCn8"}}
2025-09-19 13:25:25 [ERROR]: Error enviando mensaje a 5493416777021: WhatsApp API error
2025-09-19 13:25:25 [ERROR]: ❌ Error procesando mensaje de 5493416777021: WhatsApp API error
2025-09-19 13:25:31 [INFO]: markMessageProcessing: marked message wamid.HBgNNTQ5MzQxNjc3NzAyMRUCABIYIEFDQTQ0RUE2QjIwMzNDNkE0RDY2N0U5RTdCNkNBRUM2AA== for 5493416777021
2025-09-19 13:25:32 [INFO]: markMessageProcessing: duplicate for 5493416777021 message wamid.HBgNNTQ5MzQxNjc3NzAyMRUCABIYIEFDQTQ0RUE2QjIwMzNDNkE0RDY2N0U5RTdCNkNBRUM2AA==
2025-09-19 13:25:33 [INFO]: ******************** updateSessionState start waId=5493416777021 estado=AWAITING_ADDRESS_SELECTION
2025-09-19 13:25:33 [INFO]: ++++++++++++++++++updateSessionState done waId=5493416777021
2025-09-19 13:25:35 [INFO]: Mensaje enviado a 5493416777021 id:wamid.HBgNNTQ5MzQxNjc3NzAyMRUCABEYEkU0QjIwOTEwMjhGODk4QjQ5MgA=
2025-09-19 13:25:35 [INFO]: Mensaje enviado a 5493416777021 id:wamid.HBgNNTQ5MzQxNjc3NzAyMRUCABEYEjdDRUY4RERDOTdFMEQwOEM3OQA=
2025-09-19 13:37:02 [INFO]: ENV CHECK: WHATSAPP_API_URL=[set] WHATSAPP_TOKEN=[set]
2025-09-19 13:37:12 [INFO]: markMessageProcessing: marked message wamid.HBgNNTQ5MzQxNjc3NzAyMRUCABIYIEFDQTJBNDRFODlEODAzOUUxQUJEQzRFMjEyOEFGREI1AA== for 5493416777021
2025-09-19 13:37:12 [ERROR]: ❌ Error procesando mensaje de 5493416777021: saveIncomingMessage is not defined
2025-09-19 13:41:12 [INFO]: ENV CHECK: WHATSAPP_API_URL=[set] WHATSAPP_TOKEN=[set]
2025-09-19 13:41:18 [INFO]: markMessageProcessing: marked message wamid.HBgNNTQ5MzQxNjc3NzAyMRUCABIYIEFDQTY5RkY0QzEzNDgwREVGQUVFMEM5QkQ3MzYyMjcxAA== for 5493416777021
2025-09-19 13:41:18 [ERROR]: ❌ Error procesando mensaje de 5493416777021: insertMessageLog is not defined
2025-09-19 13:43:22 [INFO]: ENV CHECK: WHATSAPP_API_URL=[set] WHATSAPP_TOKEN=[set]
2025-09-19 13:43:27 [INFO]: markMessageProcessing: marked message wamid.HBgNNTQ5MzQxNjc3NzAyMRUCABIYIEFDNERCNTU3ODA4NTJDODEzNzYzNTZFNzNDQzA3NDNBAA== for 5493416777021
2025-09-19 13:43:27 [INFO]: 📝 insertMessageLog → WaId: 5493416777021, Tipo: incoming, Contenido: "Dvxj*b'!"
2025-09-19 13:43:28 [INFO]: Mensage logged wamid.HBgNNTQ5MzQxNjc3NzAyMRUCABIYIEFDNERCNTU3ODA4NTJDODEzNzYzNTZFNzNDQzA3NDNBAA== for 5493416777021
2025-09-19 13:43:28 [WARN]: ⚠️ No hay direcciones en sesión para 5493416777021. Recalculando...
2025-09-19 13:43:29 [INFO]: ******************** updateSessionState start waId=5493416777021 estado=AWAITING_ADDRESS_INPUT
2025-09-19 13:43:29 [INFO]: ++++++++++++++++++updateSessionState done waId=5493416777021
2025-09-19 13:43:30 [INFO]: Mensaje enviado a 5493416777021 id:wamid.HBgNNTQ5MzQxNjc3NzAyMRUCABEYEjg1NEE3MUM0M0Y0RDUyQTY1QgA=
