2025-09-17 09:30:27 [ERROR]: Error enviando mensaje a 5493416777021: Failed to parse URL from undefined
2025-09-17 09:30:27 [ERROR]: ❌ Error procesando mensaje de 5493416777021: Failed to parse URL from undefined
2025-09-17 14:59:25 [ERROR]: Error enviando mensaje a 5493416777021: Failed to parse URL from undefined
2025-09-17 14:59:25 [ERROR]: ❌ Error procesando mensaje de 5493416777021: Failed to parse URL from undefined
2025-09-17 14:59:26 [ERROR]: Error enviando mensaje a 5493416777010: Failed to parse URL from undefined
2025-09-17 14:59:26 [ERROR]: ❌ Error procesando mensaje de 5493416777010: Failed to parse URL from undefined
2025-09-17 17:41:08 [ERROR]: Error enviando mensaje a 5493416777021: Failed to parse URL from undefined
2025-09-17 17:41:08 [ERROR]: ❌ Error procesando mensaje de 5493416777021: Failed to parse URL from undefined
2025-09-17 17:41:57 [ERROR]: Error enviando mensaje a 5493416777021: Failed to parse URL from undefined
2025-09-17 17:41:57 [ERROR]: ❌ Error procesando mensaje de 5493416777021: Failed to parse URL from undefined
2025-09-17 17:46:36 [ERROR]: WHATSAPP_API_URL no está definida. Revisá .env o las variables de entorno del proceso.
2025-09-17 17:46:40 [ERROR]: Error enviando mensaje a 5493416777021: Failed to parse URL from undefined
2025-09-17 17:46:40 [ERROR]: ❌ Error procesando mensaje de 5493416777021: Failed to parse URL from undefined
2025-09-17 17:52:49 [INFO]: ENV CHECK: WHATSAPP_API_URL=[set] WHATSAPP_TOKEN=[set]
2025-09-17 17:53:05 [INFO]: Mensaje enviado a 5493416777021 id:wamid.HBgNNTQ5MzQxNjc3NzAyMRUCABEYEkNEOEJDMjY1MDg3NDNDOTA2MQA=
2025-09-17 17:53:35 [INFO]: Mensaje enviado a 5493416777021 id:wamid.HBgNNTQ5MzQxNjc3NzAyMRUCABEYEjI0QzVERERCMTc5ODc1RjUwNgA=
2025-09-17 17:56:02 [INFO]: Mensaje enviado a 5493416777021 id:wamid.HBgNNTQ5MzQxNjc3NzAyMRUCABEYEjNGRDZFNjg2ODAxQUU2REZFMQA=
2025-09-17 17:56:51 [INFO]: Mensaje enviado a 5493416777021 id:wamid.HBgNNTQ5MzQxNjc3NzAyMRUCABEYEjYxNjlDQ0I3ODgyREM0MURFNQA=
2025-09-17 18:12:06 [INFO]: ENV CHECK: WHATSAPP_API_URL=[set] WHATSAPP_TOKEN=[set]
2025-09-17 18:12:41 [INFO]: Mensaje enviado a 5493416777021 id:wamid.HBgNNTQ5MzQxNjc3NzAyMRUCABEYEjlBQUQzQkI2MEEzNDhBNzM0QwA=
2025-09-17 18:15:51 [INFO]: Mensaje enviado a 5493416777021 id:wamid.HBgNNTQ5MzQxNjc3NzAyMRUCABEYEjBCOUJDQTFCRkVFNkI1N0VCNQA=
2025-09-17 18:18:19 [INFO]: ENV CHECK: WHATSAPP_API_URL=[set] WHATSAPP_TOKEN=[set]
2025-09-17 18:18:32 [INFO]: Mensaje enviado a 5493416777021 id:wamid.HBgNNTQ5MzQxNjc3NzAyMRUCABEYEjJFNUZEMDQzOTIwQUE3NEQ4OQA=
