2025-09-16 16:25:59 [ERROR]: ❌ Error procesando mensaje de 5493416777021: handleInboundMessage is not a function
2025-09-16 16:33:31 [ERROR]: ❌ Error procesando mensaje de 5493416777021: handleInboundMessage is not a function
2025-09-16 16:39:18 [ERROR]: ❌ Error procesando mensaje de 5493416777021: sendTextMessage is not defined
2025-09-16 16:44:08 [ERROR]: ❌ insertReplyLog error → Validation failed for parameter 'RelatedMessageId'. Invalid number.
2025-09-16 16:44:08 [ERROR]: ❌ Error procesando mensaje de 5493416777021: Validation failed for parameter 'RelatedMessageId'. Invalid number.
2025-09-16 17:00:46 [ERROR]: ❌ Error procesando mensaje de 5493416777010: Cannot read properties of undefined (reading 'EstadoConversacional')
2025-09-16 17:03:27 [ERROR]: ❌ Error procesando mensaje de 5493416777021: poolPromise is not defined
2025-09-16 17:06:44 [ERROR]: ❌ Error procesando mensaje de 5493416777021: poolPromise is not defined
2025-09-16 17:07:59 [ERROR]: ❌ Error procesando mensaje de 5493416777021: sql is not defined
2025-09-16 17:11:27 [ERROR]: ❌ Error procesando mensaje de 5493416777021: Invalid column name 'comentario'.
2025-09-16 17:12:43 [ERROR]: ❌ Error procesando mensaje de 5493416777021: Incorrect syntax near the keyword 'as'.
2025-09-16 17:16:08 [ERROR]: ❌ Error procesando mensaje de 5493416777021: Incorrect syntax near the keyword 'as'.
2025-09-16 17:17:49 [ERROR]: ❌ Error procesando mensaje de 5493416777021: Incorrect syntax near the keyword 'as'.
2025-09-16 17:21:18 [ERROR]: ❌ Error procesando mensaje de 5493416777021: Incorrect syntax near the keyword 'as'.
2025-09-16 17:35:19 [ERROR]: ❌ Error procesando mensaje de 5493416777021: Must declare the scalar variable "@localNumber".
2025-09-16 17:35:48 [ERROR]: ❌ Error procesando mensaje de 5493416777021: Must declare the scalar variable "@localNumber".
2025-09-16 17:42:26 [ERROR]: ❌ Error procesando mensaje de 5493416777021: Cannot access 'frequentAddresses' before initialization
2025-09-16 17:47:08 [ERROR]: ❌ Error procesando mensaje de 5493416777021: Cannot access 'frequentAddresses' before initialization
2025-09-16 17:52:35 [ERROR]: ❌ Error procesando mensaje de 5493416777021: Cannot read properties of undefined (reading 'EstadoConversacional')
2025-09-16 17:54:44 [ERROR]: ❌ Error procesando mensaje de 5493416777021: Cannot read properties of undefined (reading 'EstadoConversacional')
2025-09-16 17:56:27 [ERROR]: ❌ Error procesando mensaje de 5493416777021: saveAddress is not defined
2025-09-16 17:58:30 [ERROR]: ❌ Error procesando mensaje de 5493416777021: saveAddress is not defined
2025-09-16 18:18:08 [ERROR]: ❌ Error procesando mensaje de 5493416777021: updateSessionData is not defined
2025-09-16 18:22:15 [ERROR]: ❌ Error procesando mensaje de 5493416777021: clientes is not defined
2025-09-16 18:30:54 [ERROR]: ❌ Error procesando mensaje de 5493416777021: Invalid column name 'Datos'.
2025-09-16 18:33:55 [ERROR]: ❌ Error procesando mensaje de 5493416777021: normalizeAddress is not defined
2025-09-16 18:57:41 [ERROR]: ❌ Error procesando mensaje de 5493416777021: (msg.text || "").trim is not a function
2025-09-16 19:02:32 [ERROR]: ❌ Error procesando mensaje de 5493416777021: sendReply is not defined
2025-09-16 19:04:11 [ERROR]: Error enviando mensaje a 5493416777021: fetch is not a function
2025-09-16 19:04:11 [ERROR]: ❌ Error procesando mensaje de 5493416777021: fetch is not a function
2025-09-16 19:06:27 [ERROR]: Error enviando mensaje a 5493416777021: Failed to parse URL from undefined
2025-09-16 19:06:27 [ERROR]: ❌ Error procesando mensaje de 5493416777021: Failed to parse URL from undefined
